{
  + agile: true
  - follow: false
    host: hexlet.io
  - ping: 500
  - proxy: 123.234.53.22
  - timeout: 50
  + timeout: 20
  + verbose: true
}